%!Adobe-FontList 1.24
%Locale:0x40c

%BeginFont
Handler:DirectoryHandler
FontType:Type1
FontName:MinionPro-Regular
FamilyName:Minion Pro
StyleName:Regular
FullName:Minion Pro
MenuName:Minion Pro
StyleBits:0
WritingScript:Roman
OutlineFileName:C:\fichiers\head\head-master\head-md-master-thesis\1-Suivi\Presentations\20240530-thesis-presentation\Document fonts\MinionPro-Regular.otf
DataFormat:sfntData
UsesStandardEncoding:yes
isCFF:yes
hasSVG:no
hasCOLR:no
VariableFontType:NonVariableFont
FileLength:218640
FileModTime:1714206514
WeightClass:400
WidthClass:5
AngleClass:0
DesignSize:110
NameArray:0,Mac,4,Minion Pro
NameArray:0,Win,1,Minion Pro
%EndFont

%BeginFont
Handler:DirectoryHandler
FontType:Type1
FontName:SuisseEDUIntl-Book
FamilyName:Suisse EDU Int'l
StyleName:Book
FullName:Suisse EDU Int'l Book
MenuName:Suisse EDU Int'l Book
StyleBits:0
WritingScript:Roman
OutlineFileName:C:\fichiers\head\head-master\head-md-master-thesis\1-Suivi\Presentations\20240530-thesis-presentation\Document fonts\SuisseEDUIntl-Book.otf
DataFormat:sfntData
UsesStandardEncoding:yes
isCFF:yes
hasSVG:no
hasCOLR:no
VariableFontType:NonVariableFont
FileLength:55028
FileModTime:1634387730
WeightClass:450
WidthClass:5
AngleClass:0
NameArray:0,Mac,4,Suisse EDU Int'l Book
NameArray:0,Win,1,Suisse EDU Int'l Book
NameArray:0,Win,16,Suisse EDU Int'l
%EndFont

